........................................................................ [  1%]
........................................................................ [  3%]
........................................................................ [  5%]
........................................................................ [  7%]
........................................................................ [  9%]
..................................................................sssss. [ 11%]
.....ssssssss........................................................... [ 13%]
........................................................................ [ 14%]
........................................................................ [ 16%]
........................................................................ [ 18%]
........................................................................ [ 20%]
........................................................................ [ 22%]
........................................................................ [ 24%]
........................................................................ [ 26%]
........................................................................ [ 28%]
........................................................................ [ 29%]
........................................................................ [ 31%]
........................................................................ [ 33%]
........................................................................ [ 35%]
........................................................................ [ 37%]
........................................................................ [ 39%]
........................................................................ [ 41%]
.....................................sss................................ [ 43%]
........................................................................ [ 44%]
........................................................................ [ 46%]
........................................................................ [ 48%]
........................................................................ [ 50%]
...............ss.............s......................................... [ 52%]
.......ssssssss........sssss...ssss..................................... [ 54%]
........................................................................ [ 56%]
........................................................................ [ 58%]
........................................................................ [ 59%]
.....................................................................s.. [ 61%]
.....................................................s.................. [ 63%]
.............s...........s.............................................. [ 65%]
ssss.................................................................... [ 67%]
........................................................................ [ 69%]
........................................................................ [ 71%]
..........s............................................................. [ 73%]
........................................................................ [ 74%]
........................................................................ [ 76%]
........................................................................ [ 78%]
.........................s.............................................. [ 80%]
........................................................................ [ 82%]
........................................................................ [ 84%]
........................................................................ [ 86%]
........................................................................ [ 88%]
........................................................................ [ 89%]
........................................................................ [ 91%]
........................................................................ [ 93%]
........................................................................ [ 95%]
........................................................................ [ 97%]
........................................................................ [ 99%]
...........................                                              [100%]
3797 passed, 48 skipped, 4 deselected in 312.57s (0:05:12)
